
> temp_app@0.1.0 dev
> next dev

[baseline-browser-mapping] The data in this module is over two months old.  To ensure accurate Baseline data, please update: `npm i baseline-browser-mapping@latest -D`
 ⚠ Warning: Next.js inferred your workspace root, but it may not be correct.
 We detected multiple lockfiles and selected the directory of /root/.openclaw/workspace/package-lock.json as the root directory.
 To silence this warning, set `turbopack.root` in your Next.js config, or consider removing one of the lockfiles if it's not needed.
   See https://nextjs.org/docs/app/api-reference/config/next-config-js/turbopack#root-directory for more information.
 Detected additional lockfiles: 
   * /root/.openclaw/workspace/web-app/package-lock.json

   ▲ Next.js 16.0.10 (Turbopack)
   - Local:         http://localhost:3001
   - Network:       http://72.62.226.48:3001
   - Environments: .env

 ✓ Starting...
 ⚠ The "middleware" file convention is deprecated. Please use "proxy" instead. Learn more: https://nextjs.org/docs/messages/middleware-to-proxy
 ✓ Ready in 833ms
 ○ Compiling / ...
prisma:query SELECT "public"."Product"."id", "public"."Product"."slug", "public"."Product"."title", "public"."Product"."shortDescription", "public"."Product"."longDescription", "public"."Product"."price", "public"."Product"."currency", "public"."Product"."ageRange", "public"."Product"."coverPath", "public"."Product"."images", "public"."Product"."inventoryQuantity", "public"."Product"."inventoryStatus", "public"."Product"."sku", "public"."Product"."weightGrams", "public"."Product"."dimensionsCm", "public"."Product"."pages", "public"."Product"."format", "public"."Product"."author", "public"."Product"."illustrator", "public"."Product"."publisher", "public"."Product"."language", "public"."Product"."isbn", "public"."Product"."metaTitle", "public"."Product"."metaDescription", "public"."Product"."ogImagePath", "public"."Product"."twitterCard", "public"."Product"."hasHeroSlide", "public"."Product"."heroPriority", "public"."Product"."bannerBgPath", "public"."Product"."bannerTitle", "public"."Product"."bannerSubtitle", "public"."Product"."bannerCtaText", "public"."Product"."bannerCtaType", "public"."Product"."bannerTarget", "public"."Product"."bannerAltText", "public"."Product"."tags", "public"."Product"."collections", "public"."Product"."isFeatured", "public"."Product"."published", "public"."Product"."publishedAt", "public"."Product"."createdAt", "public"."Product"."updatedAt", "public"."Product"."status", "public"."Product"."meta", "public"."Product"."amazonUrl" FROM "public"."Product" WHERE 1=1 ORDER BY "public"."Product"."heroPriority" ASC OFFSET $1
prisma:query SELECT "public"."Testimonial"."id", "public"."Testimonial"."content", "public"."Testimonial"."authorName", "public"."Testimonial"."authorTitle", "public"."Testimonial"."rating", "public"."Testimonial"."isActive", "public"."Testimonial"."sortOrder", "public"."Testimonial"."createdAt" FROM "public"."Testimonial" WHERE "public"."Testimonial"."isActive" = $1 ORDER BY "public"."Testimonial"."sortOrder" ASC OFFSET $2
 GET / 200 in 5.5s (compile: 4.2s, proxy.ts: 52ms, render: 1246ms)
prisma:query SELECT "public"."Product"."id", "public"."Product"."slug", "public"."Product"."title", "public"."Product"."shortDescription", "public"."Product"."longDescription", "public"."Product"."price", "public"."Product"."currency", "public"."Product"."ageRange", "public"."Product"."coverPath", "public"."Product"."images", "public"."Product"."inventoryQuantity", "public"."Product"."inventoryStatus", "public"."Product"."sku", "public"."Product"."weightGrams", "public"."Product"."dimensionsCm", "public"."Product"."pages", "public"."Product"."format", "public"."Product"."author", "public"."Product"."illustrator", "public"."Product"."publisher", "public"."Product"."language", "public"."Product"."isbn", "public"."Product"."metaTitle", "public"."Product"."metaDescription", "public"."Product"."ogImagePath", "public"."Product"."twitterCard", "public"."Product"."hasHeroSlide", "public"."Product"."heroPriority", "public"."Product"."bannerBgPath", "public"."Product"."bannerTitle", "public"."Product"."bannerSubtitle", "public"."Product"."bannerCtaText", "public"."Product"."bannerCtaType", "public"."Product"."bannerTarget", "public"."Product"."bannerAltText", "public"."Product"."tags", "public"."Product"."collections", "public"."Product"."isFeatured", "public"."Product"."published", "public"."Product"."publishedAt", "public"."Product"."createdAt", "public"."Product"."updatedAt", "public"."Product"."status", "public"."Product"."meta", "public"."Product"."amazonUrl" FROM "public"."Product" WHERE 1=1 ORDER BY "public"."Product"."heroPriority" ASC OFFSET $1
prisma:query SELECT "public"."Testimonial"."id", "public"."Testimonial"."content", "public"."Testimonial"."authorName", "public"."Testimonial"."authorTitle", "public"."Testimonial"."rating", "public"."Testimonial"."isActive", "public"."Testimonial"."sortOrder", "public"."Testimonial"."createdAt" FROM "public"."Testimonial" WHERE "public"."Testimonial"."isActive" = $1 ORDER BY "public"."Testimonial"."sortOrder" ASC OFFSET $2
 GET / 200 in 181ms (compile: 10ms, proxy.ts: 4ms, render: 166ms)
prisma:query SELECT 1
prisma:query SELECT "public"."Product"."id", "public"."Product"."slug", "public"."Product"."title", "public"."Product"."shortDescription", "public"."Product"."longDescription", "public"."Product"."price", "public"."Product"."currency", "public"."Product"."ageRange", "public"."Product"."coverPath", "public"."Product"."images", "public"."Product"."inventoryQuantity", "public"."Product"."inventoryStatus", "public"."Product"."sku", "public"."Product"."weightGrams", "public"."Product"."dimensionsCm", "public"."Product"."pages", "public"."Product"."format", "public"."Product"."author", "public"."Product"."illustrator", "public"."Product"."publisher", "public"."Product"."language", "public"."Product"."isbn", "public"."Product"."metaTitle", "public"."Product"."metaDescription", "public"."Product"."ogImagePath", "public"."Product"."twitterCard", "public"."Product"."hasHeroSlide", "public"."Product"."heroPriority", "public"."Product"."bannerBgPath", "public"."Product"."bannerTitle", "public"."Product"."bannerSubtitle", "public"."Product"."bannerCtaText", "public"."Product"."bannerCtaType", "public"."Product"."bannerTarget", "public"."Product"."bannerAltText", "public"."Product"."tags", "public"."Product"."collections", "public"."Product"."isFeatured", "public"."Product"."published", "public"."Product"."publishedAt", "public"."Product"."createdAt", "public"."Product"."updatedAt", "public"."Product"."status", "public"."Product"."meta", "public"."Product"."amazonUrl" FROM "public"."Product" WHERE 1=1 ORDER BY "public"."Product"."heroPriority" ASC OFFSET $1
prisma:query SELECT "public"."Testimonial"."id", "public"."Testimonial"."content", "public"."Testimonial"."authorName", "public"."Testimonial"."authorTitle", "public"."Testimonial"."rating", "public"."Testimonial"."isActive", "public"."Testimonial"."sortOrder", "public"."Testimonial"."createdAt" FROM "public"."Testimonial" WHERE "public"."Testimonial"."isActive" = $1 ORDER BY "public"."Testimonial"."sortOrder" ASC OFFSET $2
 GET / 200 in 244ms (compile: 9ms, proxy.ts: 4ms, render: 232ms)
